// Jest Snapshot v1, https://goo.gl/fbAQLP

exports[`EditorHeader component renders as expected 1`] = `
<div
  className="creation-view-yaml-header"
>
  <div
    className="creation-view-yaml-header-toolbar"
    role="region"
  />
</div>
`;
