// Jest Snapshot v1, https://goo.gl/fbAQLP

exports[`DiagramViewer 3 components renders as expected 1`] = `
<div
  className="diagramViewerDiagram"
>
  
  <div
    className="diagramViewerContainerContainer"
    id="diagram-viewer-container-container"
  >
    <div
      aria-label="zoom"
      className="diagramViewerContainer"
      role="region"
      style={
        Object {
          "height": "100%",
          "width": "100%",
        }
      }
    >
      <svg
        className="topologyDiagram"
        id="topologySvgId"
      />
    </div>
    <div
      className="layoutLoadingContainer"
    >
      <div
        aria-live="assertive"
        className="bx--loading"
      >
        <svg
          className="bx--loading__svg"
          viewBox="-75 -75 150 150"
        >
          <circle
            cx="0"
            cy="0"
            r="37.5"
          />
        </svg>
      </div>
    </div>
  </div>
  <div
    className="diagram-controls"
  >
    <div
      className="zoom-buttons"
    >
      <div
        aria-label="Zoom to fit"
        className="zoom-target-button"
        onClick={[Function]}
        onKeyPress={[Function]}
        role="button"
        tabIndex="0"
        title="Zoom to fit"
      >
        <svg
          className="icon"
        >
          <use
            href="#diagramIcons_zoomTarget"
          />
        </svg>
      </div>
      <div
        aria-label="Zoom in"
        className="zoom-in-button"
        onClick={[Function]}
        onKeyPress={[Function]}
        role="button"
        tabIndex="0"
        title="Zoom in"
      >
        <svg
          className="icon"
        >
          <use
            href="#diagramIcons_zoomIn"
          />
        </svg>
      </div>
      <div
        aria-label="Zoom out"
        className="zoom-out-button"
        onClick={[Function]}
        onKeyPress={[Function]}
        role="button"
        tabIndex="0"
        title="Zoom out"
      >
        <svg
          className="icon"
        >
          <use
            href="#diagramIcons_zoomOut"
          />
        </svg>
      </div>
    </div>
  </div>
</div>
`;

exports[`DiagramViewer no components renders as expected 1`] = `
<div
  className="diagramViewerDiagram"
>
  <div
    className="diagramViewerContainerContainer"
    id="diagram-viewer-container-container"
  >
    <div
      aria-label="zoom"
      className="diagramViewerContainer"
      role="region"
      style={
        Object {
          "height": "100%",
          "width": "100%",
        }
      }
    >
      <svg
        className="topologyDiagram"
        id="topologySvgId"
      />
    </div>
    <div
      className="layoutLoadingContainer"
    >
      <div
        aria-live="assertive"
        className="bx--loading"
      >
        <svg
          className="bx--loading__svg"
          viewBox="-75 -75 150 150"
        >
          <circle
            cx="0"
            cy="0"
            r="37.5"
          />
        </svg>
      </div>
    </div>
  </div>
  <div
    className="diagram-controls"
  >
    <div
      className="zoom-buttons"
    >
      <div
        aria-label="Zoom to fit"
        className="zoom-target-button"
        onClick={[Function]}
        onKeyPress={[Function]}
        role="button"
        tabIndex="0"
        title="Zoom to fit"
      >
        <svg
          className="icon"
        >
          <use
            href="#diagramIcons_zoomTarget"
          />
        </svg>
      </div>
      <div
        aria-label="Zoom in"
        className="zoom-in-button"
        onClick={[Function]}
        onKeyPress={[Function]}
        role="button"
        tabIndex="0"
        title="Zoom in"
      >
        <svg
          className="icon"
        >
          <use
            href="#diagramIcons_zoomIn"
          />
        </svg>
      </div>
      <div
        aria-label="Zoom out"
        className="zoom-out-button"
        onClick={[Function]}
        onKeyPress={[Function]}
        role="button"
        tabIndex="0"
        title="Zoom out"
      >
        <svg
          className="icon"
        >
          <use
            href="#diagramIcons_zoomOut"
          />
        </svg>
      </div>
    </div>
  </div>
</div>
`;
