// Jest Snapshot v1, https://goo.gl/fbAQLP

exports[`ApplicationDeploymentHighlights with an app selected ApplicationDeploymentHighlights renders correctly with an app selected. 1`] = `
<div
  id="DeploymentHighlights"
>
  <div
    id="ApplicationDeploymentHighlightsTerminology"
  >
    <dl
      aria-label=""
      className="pf-c-accordion"
    >
      <dt>
        <button
          aria-expanded={true}
          className="pf-c-accordion__toggle pf-m-expanded"
          id="terminology-header"
          onClick={[Function]}
        >
          <span
            className="pf-c-accordion__toggle-text"
          >
            Learn more about the terminology
          </span>
          <span
            className="pf-c-accordion__toggle-icon"
          >
            <svg
              aria-hidden={true}
              aria-labelledby={null}
              fill="currentColor"
              height="1em"
              role="img"
              style={
                Object {
                  "verticalAlign": "-0.125em",
                }
              }
              viewBox="0 0 256 512"
              width="1em"
            >
              <path
                d="M224.3 273l-136 136c-9.4 9.4-24.6 9.4-33.9 0l-22.6-22.6c-9.4-9.4-9.4-24.6 0-33.9l96.4-96.4-96.4-96.4c-9.4-9.4-9.4-24.6 0-33.9L54.3 103c9.4-9.4 24.6-9.4 33.9 0l136 136c9.5 9.4 9.5 24.6.1 34z"
                transform=""
              />
            </svg>
          </span>
        </button>
      </dt>
      <dd
        aria-label=""
        className="pf-c-accordion__expanded-content pf-m-expanded"
        hidden={false}
        id=""
      >
        <div
          className="pf-c-accordion__expanded-content-body"
        >
          <div
            className="terminology-item"
          >
            <p
              className="deployment-highlights-terminology-title"
            >
              Subscriptions
            </p>
            <p
              className="deployment-highlights-terminology-content"
            >
              Subscriptions identify Kubernetes resources within channels (source repositories). Then, the subscription places the Kubernetes resources on the target clusters.
            </p>
          </div>
          <div
            className="terminology-item"
          >
            <p
              className="deployment-highlights-terminology-title"
            >
              Placement rules
            </p>
            <p
              className="deployment-highlights-terminology-content"
            >
              Placement rules define the target clusters where subscriptions are delivered. This is done by cluster name, cluster resource annotation(s), or cluster resource label(s).
            </p>
          </div>
          <div
            className="terminology-item"
          >
            <p
              className="deployment-highlights-terminology-title"
            >
              Channels
            </p>
            <p
              className="deployment-highlights-terminology-content"
            >
              Channels point to repositories where Kubernetes resources are stored, such as Git, Helm chart, or object storage repositories, or Namespaces on the local cluster. Channels support multiple subscriptions from multiple targets.
            </p>
          </div>
          <div
            className="deployment-highlights-terminology-docs"
          >
            <a
              href="https://access.redhat.com/documentation/en-us/red_hat_advanced_cluster_management_for_kubernetes/2.1/html-single/manage_applications/index#managing-applications#"
              rel="noopener noreferrer"
              target="_blank"
            >
              <span
                className="deployment-highlights-terminology-docs-text"
              >
                View documentation
              </span>
              <svg
                alt=""
                aria-label=""
                className="deployment-highlights-terminology-docs-icon"
                fill="#0066CC"
                fillRule="evenodd"
                height="16"
                name="icon--launch"
                role="img"
                viewBox="0 0 16 16"
                width="16"
              >
                <title>
                  
                </title>
                <path
                  d="M14.3 1h-3.8V0H16v5.5h-1V1.7L9.7 7 9 6.3 14.3 1z"
                />
                <path
                  d="M14.3 1h-3.8V0H16v5.5h-1V1.7L9.7 7 9 6.3 14.3 1z"
                />
                <path
                  d="M13 9h1v6c0 .6-.4 1-1 1H1c-.6 0-1-.4-1-1V3c0-.6.4-1 1-1h7v1H1v12h12V9z"
                />
              </svg>
            </a>
          </div>
        </div>
      </dd>
    </dl>
  </div>
</div>
`;

exports[`ApplicationDeploymentHighlights with no app ApplicationDeploymentHighlights with no app renders correctly. 1`] = `
<div
  id="DeploymentHighlights"
>
  <div
    id="ApplicationDeploymentHighlightsTerminology"
  >
    <dl
      aria-label=""
      className="pf-c-accordion"
    >
      <dt>
        <button
          aria-expanded={true}
          className="pf-c-accordion__toggle pf-m-expanded"
          id="terminology-header"
          onClick={[Function]}
        >
          <span
            className="pf-c-accordion__toggle-text"
          >
            Learn more about the terminology
          </span>
          <span
            className="pf-c-accordion__toggle-icon"
          >
            <svg
              aria-hidden={true}
              aria-labelledby={null}
              fill="currentColor"
              height="1em"
              role="img"
              style={
                Object {
                  "verticalAlign": "-0.125em",
                }
              }
              viewBox="0 0 256 512"
              width="1em"
            >
              <path
                d="M224.3 273l-136 136c-9.4 9.4-24.6 9.4-33.9 0l-22.6-22.6c-9.4-9.4-9.4-24.6 0-33.9l96.4-96.4-96.4-96.4c-9.4-9.4-9.4-24.6 0-33.9L54.3 103c9.4-9.4 24.6-9.4 33.9 0l136 136c9.5 9.4 9.5 24.6.1 34z"
                transform=""
              />
            </svg>
          </span>
        </button>
      </dt>
      <dd
        aria-label=""
        className="pf-c-accordion__expanded-content pf-m-expanded"
        hidden={false}
        id=""
      >
        <div
          className="pf-c-accordion__expanded-content-body"
        >
          <div
            className="terminology-item"
          >
            <p
              className="deployment-highlights-terminology-title"
            >
              Subscriptions
            </p>
            <p
              className="deployment-highlights-terminology-content"
            >
              Subscriptions identify Kubernetes resources within channels (source repositories). Then, the subscription places the Kubernetes resources on the target clusters.
            </p>
          </div>
          <div
            className="terminology-item"
          >
            <p
              className="deployment-highlights-terminology-title"
            >
              Placement rules
            </p>
            <p
              className="deployment-highlights-terminology-content"
            >
              Placement rules define the target clusters where subscriptions are delivered. This is done by cluster name, cluster resource annotation(s), or cluster resource label(s).
            </p>
          </div>
          <div
            className="terminology-item"
          >
            <p
              className="deployment-highlights-terminology-title"
            >
              Channels
            </p>
            <p
              className="deployment-highlights-terminology-content"
            >
              Channels point to repositories where Kubernetes resources are stored, such as Git, Helm chart, or object storage repositories, or Namespaces on the local cluster. Channels support multiple subscriptions from multiple targets.
            </p>
          </div>
          <div
            className="deployment-highlights-terminology-docs"
          >
            <a
              href="https://access.redhat.com/documentation/en-us/red_hat_advanced_cluster_management_for_kubernetes/2.1/html-single/manage_applications/index#managing-applications#"
              rel="noopener noreferrer"
              target="_blank"
            >
              <span
                className="deployment-highlights-terminology-docs-text"
              >
                View documentation
              </span>
              <svg
                alt=""
                aria-label=""
                className="deployment-highlights-terminology-docs-icon"
                fill="#0066CC"
                fillRule="evenodd"
                height="16"
                name="icon--launch"
                role="img"
                viewBox="0 0 16 16"
                width="16"
              >
                <title>
                  
                </title>
                <path
                  d="M14.3 1h-3.8V0H16v5.5h-1V1.7L9.7 7 9 6.3 14.3 1z"
                />
                <path
                  d="M14.3 1h-3.8V0H16v5.5h-1V1.7L9.7 7 9 6.3 14.3 1z"
                />
                <path
                  d="M13 9h1v6c0 .6-.4 1-1 1H1c-.6 0-1-.4-1-1V3c0-.6.4-1 1-1h7v1H1v12h12V9z"
                />
              </svg>
            </a>
          </div>
        </div>
      </dd>
    </dl>
  </div>
</div>
`;

exports[`ApplicationDeploymentHighlights with no app selection ApplicationDeploymentHighlights renders correctly when no app is selected. 1`] = `
<div
  id="DeploymentHighlights"
>
  <div
    id="ApplicationDeploymentHighlightsTerminology"
  >
    <dl
      aria-label=""
      className="pf-c-accordion"
    >
      <dt>
        <button
          aria-expanded={true}
          className="pf-c-accordion__toggle pf-m-expanded"
          id="terminology-header"
          onClick={[Function]}
        >
          <span
            className="pf-c-accordion__toggle-text"
          >
            Learn more about the terminology
          </span>
          <span
            className="pf-c-accordion__toggle-icon"
          >
            <svg
              aria-hidden={true}
              aria-labelledby={null}
              fill="currentColor"
              height="1em"
              role="img"
              style={
                Object {
                  "verticalAlign": "-0.125em",
                }
              }
              viewBox="0 0 256 512"
              width="1em"
            >
              <path
                d="M224.3 273l-136 136c-9.4 9.4-24.6 9.4-33.9 0l-22.6-22.6c-9.4-9.4-9.4-24.6 0-33.9l96.4-96.4-96.4-96.4c-9.4-9.4-9.4-24.6 0-33.9L54.3 103c9.4-9.4 24.6-9.4 33.9 0l136 136c9.5 9.4 9.5 24.6.1 34z"
                transform=""
              />
            </svg>
          </span>
        </button>
      </dt>
      <dd
        aria-label=""
        className="pf-c-accordion__expanded-content pf-m-expanded"
        hidden={false}
        id=""
      >
        <div
          className="pf-c-accordion__expanded-content-body"
        >
          <div
            className="terminology-item"
          >
            <p
              className="deployment-highlights-terminology-title"
            >
              Subscriptions
            </p>
            <p
              className="deployment-highlights-terminology-content"
            >
              Subscriptions identify Kubernetes resources within channels (source repositories). Then, the subscription places the Kubernetes resources on the target clusters.
            </p>
          </div>
          <div
            className="terminology-item"
          >
            <p
              className="deployment-highlights-terminology-title"
            >
              Placement rules
            </p>
            <p
              className="deployment-highlights-terminology-content"
            >
              Placement rules define the target clusters where subscriptions are delivered. This is done by cluster name, cluster resource annotation(s), or cluster resource label(s).
            </p>
          </div>
          <div
            className="terminology-item"
          >
            <p
              className="deployment-highlights-terminology-title"
            >
              Channels
            </p>
            <p
              className="deployment-highlights-terminology-content"
            >
              Channels point to repositories where Kubernetes resources are stored, such as Git, Helm chart, or object storage repositories, or Namespaces on the local cluster. Channels support multiple subscriptions from multiple targets.
            </p>
          </div>
          <div
            className="deployment-highlights-terminology-docs"
          >
            <a
              href="https://access.redhat.com/documentation/en-us/red_hat_advanced_cluster_management_for_kubernetes/2.1/html-single/manage_applications/index#managing-applications#"
              rel="noopener noreferrer"
              target="_blank"
            >
              <span
                className="deployment-highlights-terminology-docs-text"
              >
                View documentation
              </span>
              <svg
                alt=""
                aria-label=""
                className="deployment-highlights-terminology-docs-icon"
                fill="#0066CC"
                fillRule="evenodd"
                height="16"
                name="icon--launch"
                role="img"
                viewBox="0 0 16 16"
                width="16"
              >
                <title>
                  
                </title>
                <path
                  d="M14.3 1h-3.8V0H16v5.5h-1V1.7L9.7 7 9 6.3 14.3 1z"
                />
                <path
                  d="M14.3 1h-3.8V0H16v5.5h-1V1.7L9.7 7 9 6.3 14.3 1z"
                />
                <path
                  d="M13 9h1v6c0 .6-.4 1-1 1H1c-.6 0-1-.4-1-1V3c0-.6.4-1 1-1h7v1H1v12h12V9z"
                />
              </svg>
            </a>
          </div>
        </div>
      </dd>
    </dl>
  </div>
</div>
`;
