// Jest Snapshot v1, https://goo.gl/fbAQLP

exports[`DetailsView 1 pod details render as expected 1`] = `
<section
  className="topologyDetails"
>
  <div
    className="detailsHeader"
  >
    <div
      className="detailsIconContainer"
    >
      <svg
        height="58px"
        viewBox="0 0 58 58"
        width="58px"
      >
        <use
          className="container detailsIcon"
          href="#diagramShapes_cluster"
        />
      </svg>
    </div>
    <div>
      <div
        className="sectionContent"
      >
        <span
          className="label"
        >
          Cluster
        </span>
      </div>
      <div
        className="sectionContent"
      >
        <span
          className="titleNameText"
        >
          
        </span>
      </div>
      <div
        className="openSearchLink"
      >
        <div
          className="sectionContent"
        >
          <span
            className="link"
            id="linkForNodeAction"
            onClick={[Function]}
            onKeyPress={[Function]}
            role="button"
            tabIndex="0"
          >
            Launch resource in Search
            <svg
              height="8px"
              style={
                Object {
                  "marginLeft": "9px",
                }
              }
              width="11px"
            >
              <use
                className="label-icon"
                href="#diagramIcons_arrowRight"
              />
            </svg>
          </span>
        </div>
      </div>
    </div>
    <svg
      alt="Close topology details view"
      aria-label="Close topology details view"
      className="closeIcon"
      fillRule="evenodd"
      height="10"
      name="icon--close"
      onClick={[MockFunction]}
      role="img"
      viewBox="0 0 10 10"
      width="10"
    >
      <title>
        Close topology details view
      </title>
      <path
        d="M6.32 5L10 8.68 8.68 10 5 6.32 1.32 10 0 8.68 3.68 5 0 1.32 1.32 0 5 3.68 8.68 0 10 1.32 6.32 5z"
      />
    </svg>
  </div>
  <hr />
  <div
    className="details-view-container"
    style={
      Object {
        "height": "100%",
        "overflow": "hidden",
        "position": "relative",
        "width": "100%",
      }
    }
  >
    <div
      style={
        Object {
          "WebkitOverflowScrolling": "touch",
          "bottom": 0,
          "height": "calc(100vh - 370px)",
          "left": 0,
          "marginBottom": 0,
          "marginRight": 0,
          "overflow": "scroll",
          "position": "absolute",
          "right": 0,
          "top": 0,
        }
      }
    >
      <div
        className="sectionContent borderLeft"
      >
        <span
          className="label sectionLabel"
        >
          Type:
           
        </span>
        <span
          className="value"
        >
          deployment
        </span>
      </div>
      <div
        className="sectionContent"
      >
        <span
          className="label"
        >
          Pod details for {0}
           
        </span>
        <span
          className="value"
        />
      </div>
      <div
        className="sectionContent"
      >
        <span
          className="link"
          id="linkForNodeAction"
          onClick={[Function]}
          onKeyPress={[Function]}
          role="button"
          tabIndex="0"
        >
          http://mortgage-app-mortgage
          <svg
            height="8px"
            style={
              Object {
                "marginLeft": "9px",
              }
            }
            width="11px"
          >
            <use
              className="label-icon"
              href="#diagramIcons_arrowRight"
            />
          </svg>
        </span>
      </div>
      <div
        className="sectionContent"
      >
        <span
          className="link"
          id="linkForNodeAction"
          onClick={[Function]}
          onKeyPress={[Function]}
          role="button"
          tabIndex="0"
        >
          mortgage-app-mortgage
          <svg
            height="8px"
            style={
              Object {
                "marginLeft": "9px",
              }
            }
            width="11px"
          >
            <use
              className="label-icon"
              href="#diagramIcons_arrowRight"
            />
          </svg>
        </span>
      </div>
      <div
        className="sectionContent borderLeft"
      >
        <span
          className="label sectionLabel"
        >
          undefined:
           
        </span>
        <span
          className="value"
        >
          localcluster
        </span>
      </div>
      <div
        className="sectionContent borderLeft"
      >
        <span
          className="label sectionLabel"
        >
          Host and Pod IP:
           
        </span>
        <span
          className="value"
        >
          10.16.44.146
        </span>
      </div>
      <div
        className="sectionContent borderLeft"
      >
        <span
          className="label sectionLabel"
        >
          undefined:
           
        </span>
        <span
          className="value"
        >
          10.254.12.220
        </span>
      </div>
      <div
        className="sectionContent borderLeft"
      >
        <span
          className="label sectionLabel"
        >
          Created:
           
        </span>
        <span
          className="value"
        >
          5 days ago
        </span>
      </div>
      <div
        className="sectionContent borderLeft"
      >
        <span
          className="label sectionLabel"
        >
          Status:
           
        </span>
        <span
          className="value"
        >
          Running
        </span>
      </div>
      <div
        className="sectionContent borderLeft"
      >
        <span
          className="label sectionLabel"
        >
          Restarts:
           
        </span>
        <span
          className="value"
        >
          1
        </span>
      </div>
      <div
        className="sectionContent"
      >
        <div
          className="spacer"
        />
      </div>
    </div>
    <div
      style={
        Object {
          "borderRadius": 3,
          "bottom": 2,
          "display": "none",
          "height": 6,
          "left": 2,
          "position": "absolute",
          "right": 2,
        }
      }
    >
      <div
        style={
          Object {
            "backgroundColor": "rgba(0,0,0,.2)",
            "borderRadius": "inherit",
            "cursor": "pointer",
            "display": "block",
            "height": "100%",
            "position": "relative",
          }
        }
      />
    </div>
    <div
      style={
        Object {
          "borderRadius": 3,
          "bottom": 2,
          "display": "none",
          "position": "absolute",
          "right": 2,
          "top": 2,
          "width": 6,
        }
      }
    >
      <div
        className="details-view-scrollbar"
        style={
          Object {
            "backgroundColor": "rgba(0,0,0,.2)",
            "borderRadius": "inherit",
            "cursor": "pointer",
            "display": "block",
            "position": "relative",
            "width": "100%",
          }
        }
      />
    </div>
  </div>
</section>
`;

exports[`DetailsView no components renders as expected 1`] = `
<section
  className="topologyDetails"
>
  <div
    className="detailsHeader"
  >
    <div
      className="detailsIconContainer"
    >
      <svg
        height="58px"
        viewBox="0 0 58 58"
        width="58px"
      >
        <use
          className="default detailsIcon"
          href="#diagramShapes_other"
        />
      </svg>
    </div>
    <div>
      <div
        className="sectionContent"
      >
        <span
          className="label"
        >
          Deployment
        </span>
      </div>
      <div
        className="sectionContent"
      >
        <span
          className="titleNameText"
        >
          name
        </span>
      </div>
      <div
        className="openSearchLink"
      >
        <div
          className="sectionContent"
        >
          <span
            className="link"
            id="linkForNodeAction"
            onClick={[Function]}
            onKeyPress={[Function]}
            role="button"
            tabIndex="0"
          >
            Launch resource in Search
            <svg
              height="8px"
              style={
                Object {
                  "marginLeft": "9px",
                }
              }
              width="11px"
            >
              <use
                className="label-icon"
                href="#diagramIcons_arrowRight"
              />
            </svg>
          </span>
        </div>
      </div>
    </div>
    <svg
      alt="Close topology details view"
      aria-label="Close topology details view"
      className="closeIcon"
      fillRule="evenodd"
      height="10"
      name="icon--close"
      onClick={[MockFunction]}
      role="img"
      viewBox="0 0 10 10"
      width="10"
    >
      <title>
        Close topology details view
      </title>
      <path
        d="M6.32 5L10 8.68 8.68 10 5 6.32 1.32 10 0 8.68 3.68 5 0 1.32 1.32 0 5 3.68 8.68 0 10 1.32 6.32 5z"
      />
    </svg>
  </div>
  <hr />
  <div
    className="details-view-container"
    style={
      Object {
        "height": "100%",
        "overflow": "hidden",
        "position": "relative",
        "width": "100%",
      }
    }
  >
    <div
      style={
        Object {
          "WebkitOverflowScrolling": "touch",
          "bottom": 0,
          "height": "calc(100vh - 370px)",
          "left": 0,
          "marginBottom": 0,
          "marginRight": 0,
          "overflow": "scroll",
          "position": "absolute",
          "right": 0,
          "top": 0,
        }
      }
    >
      <div
        className="sectionContent"
      >
        <span
          className="label"
        >
           
        </span>
        <span
          className="value"
        />
      </div>
    </div>
    <div
      style={
        Object {
          "borderRadius": 3,
          "bottom": 2,
          "display": "none",
          "height": 6,
          "left": 2,
          "position": "absolute",
          "right": 2,
        }
      }
    >
      <div
        style={
          Object {
            "backgroundColor": "rgba(0,0,0,.2)",
            "borderRadius": "inherit",
            "cursor": "pointer",
            "display": "block",
            "height": "100%",
            "position": "relative",
          }
        }
      />
    </div>
    <div
      style={
        Object {
          "borderRadius": 3,
          "bottom": 2,
          "display": "none",
          "position": "absolute",
          "right": 2,
          "top": 2,
          "width": 6,
        }
      }
    >
      <div
        className="details-view-scrollbar"
        style={
          Object {
            "backgroundColor": "rgba(0,0,0,.2)",
            "borderRadius": "inherit",
            "cursor": "pointer",
            "display": "block",
            "position": "relative",
            "width": "100%",
          }
        }
      />
    </div>
  </div>
</section>
`;
