// Jest Snapshot v1, https://goo.gl/fbAQLP

exports[`OverviewCards OverviewCards renders correctly with data. 1`] = `
<div
  className="overview-cards-container"
>
  <dl
    aria-label=""
    className="pf-c-accordion"
  >
    <dt>
      <button
        aria-expanded={true}
        className="pf-c-accordion__toggle pf-m-expanded overview-cards-details-section"
        id="details-card"
        onClick={[Function]}
      >
        <span
          className="pf-c-accordion__toggle-text"
        >
          Details
        </span>
        <span
          className="pf-c-accordion__toggle-icon"
        >
          <svg
            aria-hidden={true}
            aria-labelledby={null}
            fill="currentColor"
            height="1em"
            role="img"
            style={
              Object {
                "verticalAlign": "-0.125em",
              }
            }
            viewBox="0 0 256 512"
            width="1em"
          >
            <path
              d="M224.3 273l-136 136c-9.4 9.4-24.6 9.4-33.9 0l-22.6-22.6c-9.4-9.4-9.4-24.6 0-33.9l96.4-96.4-96.4-96.4c-9.4-9.4-9.4-24.6 0-33.9L54.3 103c9.4-9.4 24.6-9.4 33.9 0l136 136c9.5 9.4 9.5 24.6.1 34z"
            />
          </svg>
        </span>
      </button>
    </dt>
    <dd
      aria-label=""
      className="pf-c-accordion__expanded-content pf-m-expanded"
      hidden={false}
      id=""
    >
      <div
        className="pf-c-accordion__expanded-content-body"
      >
        <div
          className="details-col  add-right-border"
          id="left-col"
        >
          <div
            className="details-item"
          >
            <div
              className="details-item-title left-item"
            >
              Name
            </div>
            <div
              className="details-item-content"
            >
              app1
            </div>
          </div>
          <div
            className="details-item"
          >
            <div
              className="details-item-title left-item"
            >
              Namespace
            </div>
            <div
              className="details-item-content"
            >
              default
            </div>
          </div>
          <div
            className="details-item"
          >
            <div
              className="details-item-title left-item"
            >
              Created
            </div>
            <div
              className="details-item-content"
            >
              <div
                className="pf-c-skeleton loading-skeleton-text"
                style={
                  Object {
                    "--pf-c-skeleton--Height": undefined,
                    "--pf-c-skeleton--Width": "30%",
                  }
                }
              >
                <span
                  className="pf-u-screen-reader"
                />
              </div>
            </div>
          </div>
        </div>
        <div
          className="details-col"
          id="righ-col"
        >
          <div
            className="details-item"
          >
            <div
              className="details-item-title right-item"
            >
              Clusters
            </div>
            <div
              className="details-item-content"
            >
              <div
                className="pf-c-skeleton loading-skeleton-text"
                style={
                  Object {
                    "--pf-c-skeleton--Height": undefined,
                    "--pf-c-skeleton--Width": "30%",
                  }
                }
              >
                <span
                  className="pf-u-screen-reader"
                />
              </div>
            </div>
          </div>
          <div
            className="details-item"
            id="resources-status"
          >
            <div
              className="details-item-title right-item"
            >
              Cluster resource status
            </div>
            <div
              className="details-item-content"
            >
              <div
                className="pf-c-skeleton loading-skeleton-text"
                style={
                  Object {
                    "--pf-c-skeleton--Height": undefined,
                    "--pf-c-skeleton--Width": "30%",
                  }
                }
              >
                <span
                  className="pf-u-screen-reader"
                />
              </div>
            </div>
          </div>
          <div
            className="details-item"
          >
            <a
              className="details-item-link"
              href="/multicloud/search?filters={\\"textsearch\\":\\"kind%3Aapplication%20name%3Aapp1%20namespace%3Adefault\\"}"
              id="app-search-link"
              rel="noreferrer"
              target="_blank"
            >
              <div>
                Search resource
                <svg
                  aria-hidden={true}
                  aria-labelledby={null}
                  className="details-item-link-icon"
                  fill="currentColor"
                  height="1em"
                  role="img"
                  style={
                    Object {
                      "verticalAlign": "-0.125em",
                    }
                  }
                  viewBox="0 0 448 512"
                  width="1em"
                >
                  <path
                    d="M190.5 66.9l22.2-22.2c9.4-9.4 24.6-9.4 33.9 0L441 239c9.4 9.4 9.4 24.6 0 33.9L246.6 467.3c-9.4 9.4-24.6 9.4-33.9 0l-22.2-22.2c-9.5-9.5-9.3-25 .4-34.3L311.4 296H24c-13.3 0-24-10.7-24-24v-32c0-13.3 10.7-24 24-24h287.4L190.9 101.2c-9.8-9.3-10-24.8-.4-34.3z"
                    transform=""
                  />
                </svg>
              </div>
            </a>
          </div>
        </div>
      </div>
    </dd>
  </dl>
  <div
    className="overview-cards-subs-section"
  >
    
    <button
      aria-disabled={true}
      aria-label={null}
      className="pf-c-button pf-m-secondary pf-m-disabled toggle-subs-btn"
      data-ouia-component-id="OUIA-Generated-Button-secondary-3"
      data-ouia-component-type="PF4/Button"
      data-ouia-safe={true}
      data-test-subscription-details={false}
      disabled={true}
      onClick={[Function]}
      role={null}
      tabIndex={null}
      type="button"
    >
      <div
        className="pf-c-skeleton loading-skeleton-text"
        style={
          Object {
            "--pf-c-skeleton--Height": undefined,
            "--pf-c-skeleton--Width": "70%",
          }
        }
      >
        <span
          className="pf-u-screen-reader"
        />
      </div>
    </button>
  </div>
</div>
`;
