// Jest Snapshot v1, https://goo.gl/fbAQLP

exports[`App App renders correctly with data on single app. 1`] = `
<div
  className="expand-vertically"
>
  <div
    className="expand-vertically"
  >
    <div
      className="secondary-header-wrapper"
      role="region"
    >
      <div
        className="secondary-header "
      >
        <header
          aria-label="undefined secondary"
          className="bx--detail-page-header bx--detail-page-header--with-tabs"
          data-header-active={false}
          role="banner"
        >
          <div
            className="bx--detail-page-header-content"
          >
            <div
              className="bx--breadcrumb"
            >
              <div
                className="bx--breadcrumb-item"
                title="undefined"
              >
                <a
                  className="bx--link"
                  href="/multicloud/applications"
                  onClick={[Function]}
                >
                  undefined
                </a>
              </div>
              <div
                className="bx--breadcrumb-item"
                title="undefined"
              >
                <a
                  className="bx--link"
                  href="/multicloud/applications/default/mortgage-app"
                  onClick={[Function]}
                >
                  undefined
                </a>
              </div>
            </div>
            <div
              className="bx--detail-page-header-title-container"
            >
              <div
                className="bx--detail-page-header-icon-container"
              >
                <svg
                  height="24"
                  viewBox="0 0 24 24"
                  width="24"
                >
                  <path
                    d="M0 0h24v24H0z"
                    fill="#D8D8D8"
                    fillRule="evenodd"
                  />
                </svg>
              </div>
              <h1
                className="bx--detail-page-header-title"
              >
                undefined
              </h1>
              <div
                className="bx--detail-page-header-status-container"
              >
                <div
                  className="bx--detail-page-header-status-icon"
                  style={
                    Object {
                      "backgroundColor": undefined,
                    }
                  }
                />
                 
                <span
                  className="bx--detail-page-header-status-text"
                />
              </div>
            </div>
          </div>
          <div
            className="bx--detail-page-header-menu"
          />
        </header>
      </div>
    </div>
    <input
      id="app-access"
      style={
        Object {
          "display": "none",
        }
      }
      type="hidden"
      value="test"
    />
  </div>
</div>
`;
