// Jest Snapshot v1, https://goo.gl/fbAQLP

exports[`TemplateEditor component renders as expected 1`] = `
<div
  className="creation-view"
>
  <div
    className="creation-view-split-container"
  >
    <div
      className="creation-view-controls-container"
    >
      <div
        className="creation-view-controls"
        onScroll={[Function]}
      >
        <div
          className="content"
        >
          <div
            aria-label="Application settings"
            className="creation-view-controls-title"
            id="main-"
            onClick={[Function]}
            onKeyPress={[Function]}
            role="button"
            tabIndex="0"
            title="Application settings"
          >
            <div
              className="creation-view-controls-note"
            >
              All fields marked with an asterisk (*) are mandatory. Fill out the form or edit the YAML directly.
            </div>
            <div
              className="creation-view-controls-title-normal-container"
            />
          </div>
          <div
            className="creation-view-controls-section"
          >
            <div
              className="creation-view-controls-textbox"
              style={
                Object {
                  "display": "",
                }
              }
            >
              <label
                className="creation-view-controls-textbox-title"
                htmlFor="name"
              >
                Name
                <div
                  className="bx--tooltip__trigger"
                >
                  
                  <div
                    aria-expanded={false}
                    aria-haspopup="true"
                    id=""
                    onBlur={[Function]}
                    onClick={[Function]}
                    onFocus={[Function]}
                    onKeyDown={[Function]}
                    onMouseOut={[Function]}
                    onMouseOver={[Function]}
                    role="button"
                    tabIndex={0}
                  >
                    <svg
                      alt="tooltip"
                      aria-label="tooltip"
                      fillRule="evenodd"
                      height="16"
                      role="img"
                      viewBox="0 0 16 16"
                      width="16"
                    >
                      <title>
                        
                      </title>
                      <path
                        d="M8,14.5 C11.5898509,14.5 14.5,11.5898509 14.5,8 C14.5,4.41014913 11.5898509,1.5 8,1.5 C4.41014913,1.5 1.5,4.41014913 1.5,8 C1.5,11.5898509 4.41014913,14.5 8,14.5 Z M8,16 C3.581722,16 0,12.418278 0,8 C0,3.581722 3.581722,0 8,0 C12.418278,0 16,3.581722 16,8 C16,12.418278 12.418278,16 8,16 Z"
                      />
                      <polygon
                        points="9 13 7 13 7 7 9 7"
                      />
                      <circle
                        cx="8"
                        cy="4"
                        r="1"
                      />
                    </svg>
                  </div>
                </div>
              </label>
              <div
                className="bx--form-item"
              >
                <input
                  autoComplete="new-password"
                  className="bx--text-input bx--text__input"
                  disabled={false}
                  id="name"
                  onChange={[Function]}
                  onClick={[Function]}
                  placeholder="Enter {0}"
                  spellCheck={false}
                  type="text"
                  value=""
                />
              </div>
            </div>
            <div
              className="creation-view-controls-textbox"
              style={
                Object {
                  "display": "",
                }
              }
            >
              <label
                className="creation-view-controls-textbox-title"
                htmlFor="namespace"
              >
                Namespace
                <div
                  className="bx--tooltip__trigger"
                >
                  
                  <div
                    aria-expanded={false}
                    aria-haspopup="true"
                    id=""
                    onBlur={[Function]}
                    onClick={[Function]}
                    onFocus={[Function]}
                    onKeyDown={[Function]}
                    onMouseOut={[Function]}
                    onMouseOver={[Function]}
                    role="button"
                    tabIndex={0}
                  >
                    <svg
                      alt="tooltip"
                      aria-label="tooltip"
                      fillRule="evenodd"
                      height="16"
                      role="img"
                      viewBox="0 0 16 16"
                      width="16"
                    >
                      <title>
                        
                      </title>
                      <path
                        d="M8,14.5 C11.5898509,14.5 14.5,11.5898509 14.5,8 C14.5,4.41014913 11.5898509,1.5 8,1.5 C4.41014913,1.5 1.5,4.41014913 1.5,8 C1.5,11.5898509 4.41014913,14.5 8,14.5 Z M8,16 C3.581722,16 0,12.418278 0,8 C0,3.581722 3.581722,0 8,0 C12.418278,0 16,3.581722 16,8 C16,12.418278 12.418278,16 8,16 Z"
                      />
                      <polygon
                        points="9 13 7 13 7 7 9 7"
                      />
                      <circle
                        cx="8"
                        cy="4"
                        r="1"
                      />
                    </svg>
                  </div>
                </div>
              </label>
              <div
                className="bx--form-item"
              >
                <input
                  autoComplete="new-password"
                  className="bx--text-input bx--text__input"
                  disabled={false}
                  id="namespace"
                  onChange={[Function]}
                  onClick={[Function]}
                  placeholder="Enter {0}"
                  spellCheck={false}
                  type="text"
                  value=""
                />
              </div>
            </div>
          </div>
        </div>
      </div>
      <div
        className="creation-view-controls-container-blurr bottom"
      />
    </div>
  </div>
</div>
`;
