// Jest Snapshot v1, https://goo.gl/fbAQLP

exports[`ResourceDetails ResourceDetails renders correctly with data on single app with fectch resource on reload. 1`] = `
<div
  id="ResourceDetails"
>
  <div
    className="overview-content"
    id="resource-overview"
  >
    <div
      className="app-info-and-dashboard-links"
    >
      <span
        className="app-info-and-dashboard-links-separator-f"
      />
    </div>
    <div
      className="overview-content-bottom overview-content-with-padding"
    >
      <div
        className="overview-cards-container"
      >
        <dl
          aria-label=""
          className="pf-c-accordion"
        >
          <dt>
            <button
              aria-expanded={true}
              className="pf-c-accordion__toggle pf-m-expanded overview-cards-details-section"
              id="details-card"
              onClick={[Function]}
            >
              <span
                className="pf-c-accordion__toggle-text"
              >
                Details
              </span>
              <span
                className="pf-c-accordion__toggle-icon"
              >
                <svg
                  aria-hidden={true}
                  aria-labelledby={null}
                  fill="currentColor"
                  height="1em"
                  role="img"
                  style={
                    Object {
                      "verticalAlign": "-0.125em",
                    }
                  }
                  viewBox="0 0 256 512"
                  width="1em"
                >
                  <path
                    d="M224.3 273l-136 136c-9.4 9.4-24.6 9.4-33.9 0l-22.6-22.6c-9.4-9.4-9.4-24.6 0-33.9l96.4-96.4-96.4-96.4c-9.4-9.4-9.4-24.6 0-33.9L54.3 103c9.4-9.4 24.6-9.4 33.9 0l136 136c9.5 9.4 9.5 24.6.1 34z"
                  />
                </svg>
              </span>
            </button>
          </dt>
          <dd
            aria-label=""
            className="pf-c-accordion__expanded-content pf-m-expanded"
            hidden={false}
            id=""
          >
            <div
              className="pf-c-accordion__expanded-content-body"
            >
              <div
                className="details-col  add-right-border"
                id="left-col"
              >
                <div
                  className="details-item"
                >
                  <div
                    className="details-item-title left-item"
                  >
                    Name
                  </div>
                  <div
                    className="details-item-content"
                  />
                </div>
                <div
                  className="details-item"
                >
                  <div
                    className="details-item-title left-item"
                  >
                    Namespace
                  </div>
                  <div
                    className="details-item-content"
                  />
                </div>
                <div
                  className="details-item"
                >
                  <div
                    className="details-item-title left-item"
                  >
                    Created
                  </div>
                  <div
                    className="details-item-content"
                  >
                    <div
                      className="pf-c-skeleton loading-skeleton-text"
                      style={
                        Object {
                          "--pf-c-skeleton--Height": undefined,
                          "--pf-c-skeleton--Width": "30%",
                        }
                      }
                    >
                      <span
                        className="pf-u-screen-reader"
                      />
                    </div>
                  </div>
                </div>
              </div>
              <div
                className="details-col"
                id="righ-col"
              >
                <div
                  className="details-item"
                >
                  <div
                    className="details-item-title right-item"
                  >
                    Clusters
                  </div>
                  <div
                    className="details-item-content"
                  >
                    <div
                      className="pf-c-skeleton loading-skeleton-text"
                      style={
                        Object {
                          "--pf-c-skeleton--Height": undefined,
                          "--pf-c-skeleton--Width": "30%",
                        }
                      }
                    >
                      <span
                        className="pf-u-screen-reader"
                      />
                    </div>
                  </div>
                </div>
                <div
                  className="details-item"
                  id="resources-status"
                >
                  <div
                    className="details-item-title right-item"
                  >
                    Cluster resource status
                  </div>
                  <div
                    className="details-item-content"
                  >
                    <div
                      className="pf-c-skeleton loading-skeleton-text"
                      style={
                        Object {
                          "--pf-c-skeleton--Height": undefined,
                          "--pf-c-skeleton--Width": "30%",
                        }
                      }
                    >
                      <span
                        className="pf-u-screen-reader"
                      />
                    </div>
                  </div>
                </div>
                <div
                  className="details-item"
                >
                  <a
                    className="details-item-link"
                    href="/multicloud/search?filters={\\"textsearch\\":\\"kind%3Aapplication%20name%3Aundefined%20namespace%3Aundefined\\"}"
                    id="app-search-link"
                    rel="noreferrer"
                    target="_blank"
                  >
                    <div>
                      Search resource
                      <svg
                        aria-hidden={true}
                        aria-labelledby={null}
                        className="details-item-link-icon"
                        fill="currentColor"
                        height="1em"
                        role="img"
                        style={
                          Object {
                            "verticalAlign": "-0.125em",
                          }
                        }
                        viewBox="0 0 448 512"
                        width="1em"
                      >
                        <path
                          d="M190.5 66.9l22.2-22.2c9.4-9.4 24.6-9.4 33.9 0L441 239c9.4 9.4 9.4 24.6 0 33.9L246.6 467.3c-9.4 9.4-24.6 9.4-33.9 0l-22.2-22.2c-9.5-9.5-9.3-25 .4-34.3L311.4 296H24c-13.3 0-24-10.7-24-24v-32c0-13.3 10.7-24 24-24h287.4L190.9 101.2c-9.8-9.3-10-24.8-.4-34.3z"
                          transform=""
                        />
                      </svg>
                    </div>
                  </a>
                </div>
              </div>
            </div>
          </dd>
        </dl>
        <div
          className="overview-cards-subs-section"
        >
          
          <button
            aria-disabled={true}
            aria-label={null}
            className="pf-c-button pf-m-secondary pf-m-disabled toggle-subs-btn"
            data-ouia-component-id="OUIA-Generated-Button-secondary-1"
            data-ouia-component-type="PF4/Button"
            data-ouia-safe={true}
            data-test-subscription-details={false}
            disabled={true}
            onClick={[Function]}
            role={null}
            tabIndex={null}
            type="button"
          >
            <div
              className="pf-c-skeleton loading-skeleton-text"
              style={
                Object {
                  "--pf-c-skeleton--Height": undefined,
                  "--pf-c-skeleton--Width": "70%",
                }
              }
            >
              <span
                className="pf-u-screen-reader"
              />
            </div>
          </button>
        </div>
      </div>
    </div>
    <div
      className="overview-content-bottom overview-content-with-padding"
    >
      <div
        className="resourceDiagramSourceContainer"
      >
        <div
          className="topology-controls"
        >
          <div
            className="topology-control-container"
          >
            <div
              id="search-textbox-portal-id"
            />
          </div>
        </div>
        <div
          className="resource-toolbar"
          id="resource-toolbar"
        >
          <div
            className="resource-toolbar-container"
          >
            <div
              className="resource-toolbar-buttons"
            >
              <div
                id="assorted-filter-open-portal-id"
              />
            </div>
            <div
              id="assorted-filter-close-portal-id"
            />
          </div>
        </div>
        <div
          className="resourceDiagramControlsContainer"
        >
          <div
            className="diagram-title"
          >
            Resource topology
            <svg
              className="diagram-title-divider"
            >
              <rect />
            </svg>
            <span
              className="how-to-read-text"
              onClick={[Function]}
              onKeyPress={[Function]}
              role="button"
              tabIndex="0"
            >
              How to read topology
              <svg
                className="how-to-read-icon"
              >
                <use
                  href="#diagramIcons_sidecar"
                />
              </svg>
            </span>
          </div>
          <div
            className="topologyDiagramContainer"
          >
            <div
              className="refresh-time-div"
            >
              <div
                className="refresh-time-container"
              >
                <div
                  className="refresh-time-selection"
                >
                  <div
                    aria-label="Refresh"
                    className="button"
                    id="refreshButton"
                    onClick={[Function]}
                    onKeyPress={[Function]}
                    role="button"
                    tabIndex="0"
                    title="Refresh"
                  >
                    <svg
                      className="button-icon"
                    >
                      <use
                        href="#diagramIcons_autoRefresh"
                      />
                    </svg>
                  </div>
                  <div
                    aria-label="Choose refresh"
                    className="bx--dropdown selection bx--list-box"
                    onClick={[Function]}
                    onKeyDown={[Function]}
                    role="listbox"
                    tabIndex="0"
                  >
                    <div
                      aria-expanded={false}
                      aria-haspopup={true}
                      aria-label="open menu"
                      className="bx--list-box__field"
                      data-toggle={true}
                      disabled={false}
                      onBlur={[Function]}
                      onClick={[Function]}
                      onKeyDown={[Function]}
                      role="button"
                      tabIndex="0"
                      type="button"
                    >
                      <span
                        className="bx--list-box__label"
                        htmlFor="refreshDropdown-input"
                      >
                        Disable refresh
                      </span>
                      <div
                        className="bx--list-box__menu-icon"
                      >
                        <svg
                          alt="Open menu"
                          aria-label="Open menu"
                          fillRule="evenodd"
                          height="5"
                          role="img"
                          viewBox="0 0 10 5"
                          width="10"
                        >
                          <title>
                            Open menu
                          </title>
                          <path
                            d="M0 0l5 4.998L10 0z"
                          />
                        </svg>
                      </div>
                    </div>
                  </div>
                </div>
                <div>
                  Last update: {0}
                </div>
              </div>
            </div>
            <div
              className="diagramViewerDiagram"
            >
              <div
                className="diagramViewerContainerContainer"
                id="diagram-viewer-container-container"
              >
                <div
                  aria-label="zoom"
                  className="diagramViewerContainer"
                  role="region"
                  style={
                    Object {
                      "height": "100%",
                      "width": "100%",
                    }
                  }
                >
                  <svg
                    className="topologyDiagram"
                    id="topologySvgId"
                  />
                </div>
                <div
                  className="secondaryLoad"
                >
                  <div
                    aria-live="assertive"
                    className="bx--loading"
                  >
                    <svg
                      className="bx--loading__svg"
                      viewBox="-75 -75 150 150"
                    >
                      <circle
                        cx="0"
                        cy="0"
                        r="37.5"
                      />
                    </svg>
                  </div>
                </div>
                <div
                  className="layoutLoadingContainer"
                >
                  <div
                    aria-live="assertive"
                    className="bx--loading"
                  >
                    <svg
                      className="bx--loading__svg"
                      viewBox="-75 -75 150 150"
                    >
                      <circle
                        cx="0"
                        cy="0"
                        r="37.5"
                      />
                    </svg>
                  </div>
                </div>
              </div>
              <span
                className="diagramControls"
              >
                <div
                  className="diagram-controls"
                >
                  <div
                    aria-label="Zoom in"
                    className="zoom-in-button rectangle-zoom"
                    onClick={[Function]}
                    onKeyPress={[Function]}
                    role="button"
                    tabIndex="0"
                    title="Zoom in"
                  >
                    <svg
                      className="icon"
                    >
                      <use
                        href="#diagramIcons_zoomIn"
                      />
                    </svg>
                  </div>
                  <div
                    aria-label="Zoom out"
                    className="zoom-out-button rectangle-zoom"
                    onClick={[Function]}
                    onKeyPress={[Function]}
                    role="button"
                    tabIndex="0"
                    title="Zoom out"
                  >
                    <svg
                      className="icon"
                    >
                      <use
                        href="#diagramIcons_zoomOut"
                      />
                    </svg>
                  </div>
                  <div
                    aria-label="Zoom to fit"
                    className="zoom-target-button rectangle-zoom"
                    onClick={[Function]}
                    onKeyPress={[Function]}
                    role="button"
                    tabIndex="0"
                    title="Zoom to fit"
                  >
                    <svg
                      className="icon_target"
                    >
                      <use
                        href="#diagramIcons_zoomTarget"
                      />
                    </svg>
                  </div>
                </div>
              </span>
            </div>
          </div>
        </div>
      </div>
    </div>
  </div>
</div>
`;
