// Jest Snapshot v1, https://goo.gl/fbAQLP

exports[`ProgressBar ProgressBar renders correctly. 1`] = `
<div
  id="ProgressBar"
>
  <div
    className="percentagesContainers"
  >
    <div
      className="pass"
    >
      <div
        className="percentage"
      >
        40%
      </div>
      <div
        className="resourceType"
      >
        <div
          className="completedSquare"
        />
        <div
          className="textResource"
        >
          Resources completed
        </div>
      </div>
    </div>
    <div
      className="inprogress"
    >
      <div
        className="percentage"
      >
        47%
      </div>
      <div
        className="resourceType"
      >
        <div
          className="inprogressSquare"
        />
        <div
          className="textResource"
        >
          Resources in progress
        </div>
      </div>
    </div>
    <div
      className="fail"
    >
      <div
        className="percentage"
      >
        13%
      </div>
      <div
        className="resourceType"
      >
        <div
          className="failedSquare"
        />
        <div
          className="textResource"
        >
          Resources failed
        </div>
      </div>
    </div>
  </div>
  <div
    className="progressContainer"
    style={
      Object {
        "background": "linear-gradient(to right,  #007D79 0%,#007D79 40%, #92EEEE 40%, #92EEEE 86.66666666666666%, #E0182D 86.66666666666666%, #E0182D 99.99999999999999%, #cccccc 99.99999999999999%, #cccccc 100%)",
      }
    }
  />
</div>
`;
