// Jest Snapshot v1, https://goo.gl/fbAQLP

exports[`ResourceList renders correctly 1`] = `
<div
  id="resource-list"
>
  <div
    className="refresh-time-div"
  >
    <div
      className="refresh-time-container"
    >
      <div
        className="refresh-time-selection"
      >
        <div
          aria-label="Refresh"
          className="button"
          id="refreshButton"
          onClick={[Function]}
          onKeyPress={[Function]}
          role="button"
          tabIndex="0"
          title="Refresh"
        >
          <svg
            className="button-icon"
          >
            <use
              href="#diagramIcons_autoRefresh"
            />
          </svg>
        </div>
        <div
          aria-label="Choose refresh"
          className="bx--dropdown selection bx--list-box"
          onClick={[Function]}
          onKeyDown={[Function]}
          role="listbox"
          tabIndex="0"
        >
          <div
            aria-expanded={false}
            aria-haspopup={true}
            aria-label="open menu"
            className="bx--list-box__field"
            data-toggle={true}
            disabled={false}
            onBlur={[Function]}
            onClick={[Function]}
            onKeyDown={[Function]}
            role="button"
            tabIndex="0"
            type="button"
          >
            <span
              className="bx--list-box__label"
              htmlFor="refreshDropdown-input"
            >
              Disable refresh
            </span>
            <div
              className="bx--list-box__menu-icon"
            >
              <svg
                alt="Open menu"
                aria-label="Open menu"
                fillRule="evenodd"
                height="5"
                role="img"
                viewBox="0 0 10 5"
                width="10"
              >
                <title>
                  Open menu
                </title>
                <path
                  d="M0 0l5 4.998L10 0z"
                />
              </svg>
            </div>
          </div>
        </div>
      </div>
      <div>
        Last update: {0}
      </div>
    </div>
  </div>
  <div
    className="pf-l-stack pf-m-gutter"
  >
    <div
      className="pf-l-stack__item"
    >
      <section
        className="pf-c-page__main-section"
      >
        <article
          className="pf-c-card"
          data-ouia-component-id="OUIA-Generated-Card-1"
          data-ouia-component-type="PF4/Card"
          data-ouia-safe={true}
          id=""
        >
          <div
            className="pf-c-card__body"
          >
            <div
              className="pf-c-toolbar"
              id="pf-random-id-0"
            >
              <div
                className="pf-c-toolbar__content"
              >
                <div
                  className="pf-c-toolbar__content-section"
                >
                  <div
                    className="pf-c-toolbar__item pf-m-align-right"
                  />
                </div>
                <div
                  className="pf-c-toolbar__expandable-content"
                  id="pf-random-id-0-expandable-content-1"
                >
                  <div
                    className="pf-c-toolbar__group"
                  />
                </div>
              </div>
              <div
                className="pf-c-toolbar__content pf-m-hidden"
                hidden={true}
              >
                <div
                  className="pf-c-toolbar__group"
                />
              </div>
            </div>
            <div
              className="pf-c-empty-state"
            >
              <div
                className="pf-c-empty-state__content"
              >
                <div
                  className="pf-c-empty-state__icon"
                >
                  <span
                    aria-valuetext="Loading..."
                    className="pf-c-spinner pf-m-xl"
                    role="progressbar"
                  >
                    <span
                      className="pf-c-spinner__clipper"
                    />
                    <span
                      className="pf-c-spinner__lead-ball"
                    />
                    <span
                      className="pf-c-spinner__tail-ball"
                    />
                  </span>
                </div>
                <h4
                  className="pf-c-title pf-m-lg"
                >
                  Loading
                </h4>
              </div>
            </div>
          </div>
        </article>
      </section>
    </div>
  </div>
</div>
`;
