// Jest Snapshot v1, https://goo.gl/fbAQLP

exports[`TruncateText renders as expected for non truncated text 1`] = `"NonTruncateText"`;

exports[`TruncateText renders as expected for truncated text 1`] = `
Object {
  "children": "TruncateText",
  "direction": "bottom",
  "iconDescription": "tooltip",
  "iconTitle": "",
  "menuOffset": [Function],
  "open": false,
  "showIcon": false,
  "text": "TruncateText",
  "triggerClassName": "textWithTruncation",
  "triggerText": "Tr...xt",
}
`;
