// Jest Snapshot v1, https://goo.gl/fbAQLP

exports[`IncidentsTab IncidentsTab renders correctly when data. 1`] = `
<div
  id="incidents-tab"
>
  <div
    className="incidents-tab-table-title"
  >
    Incidents
     (
    2
    )
  </div>
  <div
    className="incidents-tab-table"
  >
    <div
      className="bx--data-table-v2-container"
    >
      
      <table
        className="bx--data-table-v2"
      >
        <thead>
          <tr>
            <th
              aria-sort="none"
              scope="col"
            >
              <button
                className="bx--table-sort-v2"
                onClick={[Function]}
              >
                <span
                  className="bx--table-header-label"
                >
                  ID
                </span>
                <svg
                  alt="Sort rows by this header in ascending order"
                  aria-label="Sort rows by this header in ascending order"
                  className="bx--table-sort-v2__icon"
                  fillRule="evenodd"
                  height="5"
                  role="img"
                  viewBox="0 0 10 5"
                  width="10"
                >
                  <title>
                    Sort rows by this header in ascending order
                  </title>
                  <path
                    d="M0 5L5 .002 10 5z"
                  />
                </svg>
              </button>
            </th>
            <th
              aria-sort="none"
              scope="col"
            >
              <button
                className="bx--table-sort-v2"
                onClick={[Function]}
              >
                <span
                  className="bx--table-header-label"
                >
                  Summary
                </span>
                <svg
                  alt="Sort rows by this header in ascending order"
                  aria-label="Sort rows by this header in ascending order"
                  className="bx--table-sort-v2__icon"
                  fillRule="evenodd"
                  height="5"
                  role="img"
                  viewBox="0 0 10 5"
                  width="10"
                >
                  <title>
                    Sort rows by this header in ascending order
                  </title>
                  <path
                    d="M0 5L5 .002 10 5z"
                  />
                </svg>
              </button>
            </th>
            <th
              aria-sort="none"
              scope="col"
            >
              <button
                className="bx--table-sort-v2"
                onClick={[Function]}
              >
                <span
                  className="bx--table-header-label"
                >
                  Description
                </span>
                <svg
                  alt="Sort rows by this header in ascending order"
                  aria-label="Sort rows by this header in ascending order"
                  className="bx--table-sort-v2__icon"
                  fillRule="evenodd"
                  height="5"
                  role="img"
                  viewBox="0 0 10 5"
                  width="10"
                >
                  <title>
                    Sort rows by this header in ascending order
                  </title>
                  <path
                    d="M0 5L5 .002 10 5z"
                  />
                </svg>
              </button>
            </th>
            <th
              aria-sort="none"
              scope="col"
            >
              <button
                className="bx--table-sort-v2"
                onClick={[Function]}
              >
                <span
                  className="bx--table-header-label"
                >
                  Priority
                </span>
                <svg
                  alt="Sort rows by this header in ascending order"
                  aria-label="Sort rows by this header in ascending order"
                  className="bx--table-sort-v2__icon"
                  fillRule="evenodd"
                  height="5"
                  role="img"
                  viewBox="0 0 10 5"
                  width="10"
                >
                  <title>
                    Sort rows by this header in ascending order
                  </title>
                  <path
                    d="M0 5L5 .002 10 5z"
                  />
                </svg>
              </button>
            </th>
            <th
              aria-sort="none"
              scope="col"
            >
              <button
                className="bx--table-sort-v2"
                onClick={[Function]}
              >
                <span
                  className="bx--table-header-label"
                >
                  Escalated
                </span>
                <svg
                  alt="Sort rows by this header in ascending order"
                  aria-label="Sort rows by this header in ascending order"
                  className="bx--table-sort-v2__icon"
                  fillRule="evenodd"
                  height="5"
                  role="img"
                  viewBox="0 0 10 5"
                  width="10"
                >
                  <title>
                    Sort rows by this header in ascending order
                  </title>
                  <path
                    d="M0 5L5 .002 10 5z"
                  />
                </svg>
              </button>
            </th>
            <th
              aria-sort="none"
              scope="col"
            >
              <button
                className="bx--table-sort-v2"
                onClick={[Function]}
              >
                <span
                  className="bx--table-header-label"
                >
                  Owner
                </span>
                <svg
                  alt="Sort rows by this header in ascending order"
                  aria-label="Sort rows by this header in ascending order"
                  className="bx--table-sort-v2__icon"
                  fillRule="evenodd"
                  height="5"
                  role="img"
                  viewBox="0 0 10 5"
                  width="10"
                >
                  <title>
                    Sort rows by this header in ascending order
                  </title>
                  <path
                    d="M0 5L5 .002 10 5z"
                  />
                </svg>
              </button>
            </th>
            <th
              aria-sort="none"
              scope="col"
            >
              <button
                className="bx--table-sort-v2"
                onClick={[Function]}
              >
                <span
                  className="bx--table-header-label"
                >
                  Team
                </span>
                <svg
                  alt="Sort rows by this header in ascending order"
                  aria-label="Sort rows by this header in ascending order"
                  className="bx--table-sort-v2__icon"
                  fillRule="evenodd"
                  height="5"
                  role="img"
                  viewBox="0 0 10 5"
                  width="10"
                >
                  <title>
                    Sort rows by this header in ascending order
                  </title>
                  <path
                    d="M0 5L5 .002 10 5z"
                  />
                </svg>
              </button>
            </th>
            <th
              aria-sort="none"
              scope="col"
            >
              <button
                className="bx--table-sort-v2"
                onClick={[Function]}
              >
                <span
                  className="bx--table-header-label"
                >
                  State
                </span>
                <svg
                  alt="Sort rows by this header in ascending order"
                  aria-label="Sort rows by this header in ascending order"
                  className="bx--table-sort-v2__icon"
                  fillRule="evenodd"
                  height="5"
                  role="img"
                  viewBox="0 0 10 5"
                  width="10"
                >
                  <title>
                    Sort rows by this header in ascending order
                  </title>
                  <path
                    d="M0 5L5 .002 10 5z"
                  />
                </svg>
              </button>
            </th>
            <th
              aria-sort="none"
              scope="col"
            >
              <button
                className="bx--table-sort-v2"
                onClick={[Function]}
              >
                <span
                  className="bx--table-header-label"
                >
                  Created
                </span>
                <svg
                  alt="Sort rows by this header in ascending order"
                  aria-label="Sort rows by this header in ascending order"
                  className="bx--table-sort-v2__icon"
                  fillRule="evenodd"
                  height="5"
                  role="img"
                  viewBox="0 0 10 5"
                  width="10"
                >
                  <title>
                    Sort rows by this header in ascending order
                  </title>
                  <path
                    d="M0 5L5 .002 10 5z"
                  />
                </svg>
              </button>
            </th>
            <th
              aria-sort="none"
              scope="col"
            >
              <button
                className="bx--table-sort-v2"
                onClick={[Function]}
              >
                <span
                  className="bx--table-header-label"
                >
                  Last changed
                </span>
                <svg
                  alt="Sort rows by this header in ascending order"
                  aria-label="Sort rows by this header in ascending order"
                  className="bx--table-sort-v2__icon"
                  fillRule="evenodd"
                  height="5"
                  role="img"
                  viewBox="0 0 10 5"
                  width="10"
                >
                  <title>
                    Sort rows by this header in ascending order
                  </title>
                  <path
                    d="M0 5L5 .002 10 5z"
                  />
                </svg>
              </button>
            </th>
          </tr>
        </thead>
        <tbody>
          <tr>
            <td>
              <a
                href="/cemui/incidents//details"
                rel="noopener noreferrer"
                target="_blank"
              >
                
              </a>
            </td>
            <td>
              
            </td>
            <td>
              
            </td>
            <td>
              1
            </td>
            <td>
              
            </td>
            <td>
              
            </td>
            <td>
              
            </td>
            <td>
              
            </td>
            <td>
              -
            </td>
            <td>
              -
            </td>
          </tr>
          <tr>
            <td>
              <a
                href="/cemui/incidents//details"
                rel="noopener noreferrer"
                target="_blank"
              >
                
              </a>
            </td>
            <td>
              
            </td>
            <td>
              
            </td>
            <td>
              1
            </td>
            <td>
              
            </td>
            <td>
              
            </td>
            <td>
              
            </td>
            <td>
              
            </td>
            <td>
              -
            </td>
            <td>
              -
            </td>
          </tr>
        </tbody>
      </table>
    </div>
  </div>
</div>
`;

exports[`IncidentsTab IncidentsTab renders correctly. 1`] = `
<div
  id="incidents-tab"
>
  <div
    className="incidents-tab-no-resource"
  >
    <div
      className="no-resource"
    >
      <img
        alt="Resource icon"
        className="no-resource-icon"
        src="undefined/graphics/planets.png"
      />
      <div
        className="no-resource-title"
      >
        No incidents found.
      </div>
      <div
        className="no-resource-detail"
      >
        Your application does not have any incidents.
      </div>
    </div>
  </div>
</div>
`;
