// Jest Snapshot v1, https://goo.gl/fbAQLP

exports[`ApplicationHeaderTabs ApplicationHeaderTabs renders correctly. 1`] = `
<div
  id="applicationheadertabs"
>
  <div
    className="whiteSpacer"
  >
    <nav
      className="bx--tabs some-class"
      onClick={[Function]}
      onKeyDown={[Function]}
      role="navigation"
      selected={0}
      tabcontentclassname="tab-content"
    >
      <div
        aria-label="listbox"
        className="bx--tabs-trigger"
        onClick={[Function]}
        onKeyPress={[Function]}
        role="listbox"
        tabIndex={0}
      >
        <a
          className="bx--tabs-trigger-text"
          href="#"
          onClick={[Function]}
          tabIndex={-1}
        >
          Overview
        </a>
        <svg
          alt="show menu options"
          aria-label="show menu options"
          fillRule="evenodd"
          height="5"
          role="img"
          viewBox="0 0 10 5"
          width="10"
        >
          <title>
            show menu options
          </title>
          <path
            d="M0 0l5 4.998L10 0z"
          />
        </svg>
      </div>
      <ul
        className="bx--tabs__nav bx--tabs__nav--hidden"
        role="tablist"
      >
        <li
          className="bx--tabs__nav-item bx--tabs__nav-item--selected"
          disabled={false}
          onClick={[Function]}
          onKeyDown={[Function]}
          role="presentation"
          selected={true}
          tabIndex={-1}
        >
          <a
            aria-selected={true}
            className="bx--tabs__nav-link"
            href="#"
            role="tab"
            tabIndex={0}
          >
            Overview
          </a>
        </li>
        <li
          className="bx--tabs__nav-item"
          disabled={false}
          onClick={[Function]}
          onKeyDown={[Function]}
          role="presentation"
          selected={false}
          tabIndex={-1}
        >
          <a
            aria-selected={false}
            className="bx--tabs__nav-link"
            href="#"
            role="tab"
            tabIndex={0}
          >
            Advanced Configuration
          </a>
        </li>
      </ul>
    </nav>
    <div
      aria-hidden={false}
      className="tab-content"
      hidden={false}
      selected={true}
    >
      <div
        className="some-content"
      />
    </div>
    <div
      aria-hidden={true}
      className="tab-content"
      hidden={true}
      selected={false}
    />
  </div>
</div>
`;

exports[`ApplicationHeaderTabs ApplicationHeaderTabs renders correctly. 2`] = `
<div
  id="applicationheadertabs"
>
  <div
    className="whiteSpacer"
  >
    <nav
      className="bx--tabs some-class"
      onClick={[Function]}
      onKeyDown={[Function]}
      role="navigation"
      selected={0}
      tabcontentclassname="tab-content"
    >
      <div
        aria-label="listbox"
        className="bx--tabs-trigger"
        onClick={[Function]}
        onKeyPress={[Function]}
        role="listbox"
        tabIndex={0}
      >
        <a
          className="bx--tabs-trigger-text"
          href="#"
          onClick={[Function]}
          tabIndex={-1}
        >
          Overview
        </a>
        <svg
          alt="show menu options"
          aria-label="show menu options"
          fillRule="evenodd"
          height="5"
          role="img"
          viewBox="0 0 10 5"
          width="10"
        >
          <title>
            show menu options
          </title>
          <path
            d="M0 0l5 4.998L10 0z"
          />
        </svg>
      </div>
      <ul
        className="bx--tabs__nav bx--tabs__nav--hidden"
        role="tablist"
      >
        <li
          className="bx--tabs__nav-item bx--tabs__nav-item--selected"
          disabled={false}
          onClick={[Function]}
          onKeyDown={[Function]}
          role="presentation"
          selected={true}
          tabIndex={-1}
        >
          <a
            aria-selected={true}
            className="bx--tabs__nav-link"
            href="#"
            role="tab"
            tabIndex={0}
          >
            Overview
          </a>
        </li>
        <li
          className="bx--tabs__nav-item"
          disabled={false}
          onClick={[Function]}
          onKeyDown={[Function]}
          role="presentation"
          selected={false}
          tabIndex={-1}
        >
          <a
            aria-selected={false}
            className="bx--tabs__nav-link"
            href="#"
            role="tab"
            tabIndex={0}
          >
            Advanced Configuration
          </a>
        </li>
      </ul>
    </nav>
    <div
      aria-hidden={false}
      className="tab-content"
      hidden={false}
      selected={true}
    >
      <div
        className="some-content"
      />
    </div>
    <div
      aria-hidden={true}
      className="tab-content"
      hidden={true}
      selected={false}
    />
  </div>
</div>
`;

exports[`ApplicationHeaderTabs ApplicationHeaderTabs renders correctly. 3`] = `
<div
  id="applicationheadertabs"
>
  <div
    className="whiteSpacer"
  >
    <nav
      className="bx--tabs some-class"
      onClick={[Function]}
      onKeyDown={[Function]}
      role="navigation"
      selected={0}
      tabcontentclassname="tab-content"
    >
      <div
        aria-label="listbox"
        className="bx--tabs-trigger"
        onClick={[Function]}
        onKeyPress={[Function]}
        role="listbox"
        tabIndex={0}
      >
        <a
          className="bx--tabs-trigger-text"
          href="#"
          onClick={[Function]}
          tabIndex={-1}
        >
          Overview
        </a>
        <svg
          alt="show menu options"
          aria-label="show menu options"
          fillRule="evenodd"
          height="5"
          role="img"
          viewBox="0 0 10 5"
          width="10"
        >
          <title>
            show menu options
          </title>
          <path
            d="M0 0l5 4.998L10 0z"
          />
        </svg>
      </div>
      <ul
        className="bx--tabs__nav bx--tabs__nav--hidden"
        role="tablist"
      >
        <li
          className="bx--tabs__nav-item bx--tabs__nav-item--selected"
          disabled={false}
          onClick={[Function]}
          onKeyDown={[Function]}
          role="presentation"
          selected={true}
          tabIndex={-1}
        >
          <a
            aria-selected={true}
            className="bx--tabs__nav-link"
            href="#"
            role="tab"
            tabIndex={0}
          >
            Overview
          </a>
        </li>
        <li
          className="bx--tabs__nav-item"
          disabled={false}
          onClick={[Function]}
          onKeyDown={[Function]}
          role="presentation"
          selected={false}
          tabIndex={-1}
        >
          <a
            aria-selected={false}
            className="bx--tabs__nav-link"
            href="#"
            role="tab"
            tabIndex={0}
          >
            Advanced Configuration
          </a>
        </li>
      </ul>
    </nav>
    <div
      aria-hidden={false}
      className="tab-content"
      hidden={false}
      selected={true}
    >
      <div
        className="some-content"
      />
    </div>
    <div
      aria-hidden={true}
      className="tab-content"
      hidden={true}
      selected={false}
    />
  </div>
</div>
`;
