// Jest Snapshot v1, https://goo.gl/fbAQLP

exports[`OverviewCards OverviewCards renders correctly with data. 1`] = `
<div
  className="overview-cards-info"
>
  <div
    className="single-card"
    onClick={[Function]}
    onKeyPress={[Function]}
    role="button"
    tabIndex="0"
  >
    <div
      className="card-count"
    >
      0
    </div>
    <div
      className="card-type"
    >
      Subscriptions
    </div>
    <div
      className="card-text"
    >
      On hub cluster
    </div>
    
    
    
  </div>
  <div
    className="column-divider"
  />
  <div
    className="single-card"
    onClick={[Function]}
    onKeyPress={[Function]}
    role="button"
    tabIndex="0"
  >
    <div
      className="card-count"
    >
      0
    </div>
    <div
      className="card-type"
    >
      Managed clusters
    </div>
    <div
      className="card-text"
    >
      0 Total subscriptions
    </div>
    
    
    
  </div>
  <div
    className="column-divider"
  />
  <div
    className="single-card"
    onClick={[Function]}
    onKeyPress={[Function]}
    role="button"
    tabIndex="0"
  >
    <div
      className="card-count"
    >
      0
    </div>
    <div
      className="card-type"
    >
      Pods
    </div>
    <div
      className="card-text"
    />
    
    
    
  </div>
</div>
`;
